// Jest Snapshot v1, https://goo.gl/fbAQLP

exports[`GField with type input should render correctly 1`] = `
<input rootmodel="[object Object]"
       model="[object Object]"
       field="[object Object]"
       in-array="false"
       no-layout="false"
>
`;
